../Drivers/CMSIS/Include/core_cm4.h:2064:26:ITM_SendChar	16	static,ignoring_inline_asm
../Core/Src/main.c:73:5:_write	32	static
../Core/Src/main.c:82:6:HAL_UART_ErrorCallback	24	static
../Core/Src/main.c:171:6:motor_control	32	static
../Core/Src/main.c:199:6:parse_command	24	static
../Core/Src/main.c:221:6:HAL_UART_RxCpltCallback	16	static
../Core/Src/main.c:258:5:main	8	static
../Core/Src/main.c:311:6:SystemClock_Config	88	static
../Core/Src/main.c:366:13:MX_TIM2_Init	64	static
../Core/Src/main.c:425:13:MX_UART4_Init	8	static
../Core/Src/main.c:458:13:MX_USART2_UART_Init	8	static
../Core/Src/main.c:491:13:MX_GPIO_Init	48	static
../Core/Src/main.c:531:6:Error_Handler	4	static,ignoring_inline_asm
